{
    "text": "SELECT\n    conname as name,\n    pg_catalog.pg_get_constraintdef(r.oid, true) as definition\nFROM pg_catalog.pg_constraint r\nWHERE r.conrelid = ($1 || '.' || $2)::regclass\n  AND r.contype = 'f' ORDER BY conname",
    "values": [
        "sample",
        "user"
    ]
}